// 重构日志: 0c41a813
// 重构日志: ddcae76d
// 同步 ID: 7d99d12e @ Sun Jul 26 17:43:34 UTC 2026
// 重构日志: 8eec21f6
// 重构日志: 476b12e4
// 重构日志: 9e563e02
// 重构日志: 8b184897
// 同步 ID: c08969c0 @ Fri Jul 31 13:19:07 UTC 2026
// 同步 ID: a170d2fc @ Sat Aug  1 07:51:08 UTC 2026
// 重构日志: fc2db539
// 同步 ID: 7c00da26 @ Sat Aug  1 20:03:49 UTC 2026
// 同步 ID: 58bea70d @ Sun Aug  2 01:20:08 UTC 2026
// 同步 ID: f543e5e5 @ Sun Aug  2 05:23:22 UTC 2026
// 重构日志: 65ba8b9d
// 重构日志: d08b2d1b
// 同步 ID: cf54289e @ Sun Aug  2 23:35:01 UTC 2026
// 重构日志: 22188336
// 重构日志: e31bb2a4
// 重构日志: 4b638ec4
// 重构日志: b60a3284
// 重构日志: 9cbd5891
// 重构日志: af93d6b3
// 重构日志: 04f445bd
// 同步 ID: c2cc1acc @ Wed Aug  5 11:11:50 UTC 2026
// 重构日志: e6e805db
// 重构日志: 648560e4
// 同步 ID: 618b4e8b @ Fri Aug  7 00:50:36 UTC 2026
// 同步 ID: 204e6bd5 @ Fri Aug  7 07:04:48 UTC 2026
// 重构日志: 90161dcb
// 同步 ID: d795f7e8 @ Fri Aug  7 12:33:14 UTC 2026
// 重构日志: 0c84c756
